#-----------------------------------------------------------
# PlanAhead v14.4 (64-bit)
# Build 222254 by xbuild on Tue Dec 18 05:21:09 MST 2012
# Start of session at: Wed Feb 19 00:21:43 2025
# Process ID: 15796
# Log file: D:/Desktop/tcc/ofdm_64qam_n8_w16_cp2/planAhead_run_1/planAhead.log
# Journal file: D:/Desktop/tcc/ofdm_64qam_n8_w16_cp2/planAhead_run_1/planAhead.jou
#-----------------------------------------------------------
start_gui
source D:/Desktop/tcc/ofdm_64qam_n8_w16_cp2/pa.fromHdl.tcl
update_compile_order -fileset sim_1
set_property iostandard LVCMOS25 [get_ports [list clk]]
set_property iostandard LVCMOS33 [get_ports [list clk]]
set_property iostandard LVCMOS33 [get_ports [list cs_n]]
set_property iostandard LVCMOS33 [get_ports [list led0]]
set_property iostandard LVCMOS33 [get_ports [list led1]]
set_property iostandard LVCMOS33 [get_ports [list led2]]
set_property iostandard LVCMOS33 [get_ports [list led3]]
set_property iostandard LVCMOS33 [get_ports [list led4]]
set_property iostandard LVCMOS33 [get_ports [list led5]]
set_property iostandard LVCMOS33 [get_ports [list led6]]
set_property iostandard LVCMOS33 [get_ports [list led7]]
set_property iostandard LVCMOS33 [get_ports [list mosi]]
set_property iostandard LVCMOS33 [get_ports [list reset]]
set_property iostandard LVCMOS33 [get_ports [list sclk]]
set_property iostandard LVCMOS33 [get_ports [list sw0]]
set_property iostandard LVCMOS33 [get_ports [list sw1]]
set_property iostandard LVCMOS33 [get_ports [list sw2]]
set_property iostandard LVCMOS33 [get_ports [list sw3]]
set_property iostandard LVCMOS33 [get_ports [list sw4]]
set_property iostandard LVCMOS33 [get_ports [list sw5]]
set_property iostandard LVCMOS33 [get_ports [list sw6]]
set_property iostandard LVCMOS33 [get_ports [list sw7]]
startgroup
set_property package_pin V10 [get_ports clk]
endgroup
startgroup
set_property package_pin T12 [get_ports cs_n]
endgroup
startgroup
set_property package_pin U16 [get_ports led0]
endgroup
startgroup
set_property package_pin V16 [get_ports led1]
endgroup
startgroup
set_property package_pin U15 [get_ports led2]
endgroup
startgroup
set_property package_pin V15 [get_ports led3]
endgroup
startgroup
set_property package_pin M11 [get_ports led4]
endgroup
set_property package_pin "" [get_ports [list  led5]]
set_property package_pin "" [get_ports [list  led6]]
startgroup
set_property package_pin N11 [get_ports led5]
endgroup
startgroup
set_property package_pin R11 [get_ports led6]
endgroup
startgroup
set_property package_pin T11 [get_ports led7]
endgroup
startgroup
set_property package_pin V12 [get_ports mosi]
endgroup
startgroup
set_property package_pin B8 [get_ports reset]
endgroup
startgroup
set_property package_pin P11 [get_ports sclk]
endgroup
startgroup
set_property package_pin T10 [get_ports sw0]
endgroup
startgroup
set_property package_pin T9 [get_ports sw1]
endgroup
startgroup
set_property package_pin V9 [get_ports sw2]
endgroup
startgroup
set_property package_pin M8 [get_ports sw3]
endgroup
startgroup
set_property package_pin N8 [get_ports sw4]
endgroup
startgroup
set_property package_pin U8 [get_ports sw5]
endgroup
startgroup
set_property package_pin V8 [get_ports sw6]
endgroup
startgroup
set_property package_pin T5 [get_ports sw7]
endgroup
save_constraints
