#-----------------------------------------------------------
# PlanAhead v14.4 (64-bit)
# Build 222254 by xbuild on Tue Dec 18 05:21:09 MST 2012
# Start of session at: Tue Feb 11 19:05:26 2025
# Process ID: 11288
# Log file: D:/Desktop/tcc/ofdm_16_qam_n8_w16_cp4_test/planAhead_run_1/planAhead.log
# Journal file: D:/Desktop/tcc/ofdm_16_qam_n8_w16_cp4_test/planAhead_run_1/planAhead.jou
#-----------------------------------------------------------
start_gui
source D:/Desktop/tcc/ofdm_16_qam_n8_w16_cp4_test/pa.fromHdl.tcl
update_compile_order -fileset sim_1
set_property iostandard LVCMOS33 [get_ports [list clk]]
set_property iostandard LVCMOS33 [get_ports [list cs_n]]
set_property iostandard LVCMOS33 [get_ports [list mosi]]
set_property iostandard LVCMOS33 [get_ports [list reset]]
set_property iostandard LVCMOS33 [get_ports [list sclk]]
set_property package_pin "" [get_ports [list  clk]]
startgroup
set_property package_pin V10 [get_ports clk]
endgroup
startgroup
set_property package_pin T12 [get_ports cs_n]
endgroup
startgroup
set_property package_pin V12 [get_ports mosi]
endgroup
startgroup
set_property package_pin B9 [get_ports reset]
endgroup
startgroup
set_property package_pin B8 [get_ports reset]
endgroup
startgroup
set_property package_pin P11 [get_ports sclk]
endgroup
save_constraints
